[2025-12-24T22:10:33.184Z] 🧹 Cleanup starting (cutoff 2025-11-24T22:10:33.183Z)
[2025-12-24T22:10:33.192Z] ✅ Cleanup completed: 0 reports deleted
[2025-12-24T22:11:52.828Z] [Cleanup Job] Manual trigger at 2025-12-24T22:11:52.827Z
[2025-12-24T22:11:52.828Z] 🧹 Cleanup starting (cutoff 2025-11-24T22:11:52.828Z)
[2025-12-24T22:11:52.830Z] ✅ Cleanup completed: 0 reports deleted
[2025-12-26T01:18:53.966Z] ✅ Cleanup job scheduled (0 0 2 * * *) timezone=Asia/Manila, cutoffDays=30
[2025-12-26T01:35:21.314Z] ✅ Cleanup job scheduled (0 0 2 * * *) timezone=Asia/Manila, cutoffDays=30
[2025-12-26T01:44:19.010Z] ✅ Cleanup job scheduled (0 0 2 * * *) timezone=Asia/Manila, cutoffDays=30
[2025-12-26T01:55:27.704Z] ✅ Cleanup job scheduled (0 0 2 * * *) timezone=Asia/Manila, cutoffDays=30
[2025-12-26T02:03:28.316Z] ✅ Cleanup job scheduled (0 0 2 * * *) timezone=Asia/Manila, cutoffDays=30
[2025-12-26T02:04:51.594Z] ✅ Cleanup job scheduled (0 0 2 * * *) timezone=Asia/Manila, cutoffDays=30
[2025-12-26T02:10:26.571Z] ✅ Cleanup job scheduled (0 0 2 * * *) timezone=Asia/Manila, cutoffDays=30
[2025-12-26T03:06:53.040Z] ✅ Cleanup job scheduled (0 0 2 * * *) timezone=Asia/Manila, cutoffDays=30
[2025-12-26T03:09:25.028Z] ✅ Cleanup job scheduled (0 0 2 * * *) timezone=Asia/Manila, cutoffDays=30
[2025-12-26T03:12:14.782Z] ✅ Cleanup job scheduled (0 0 2 * * *) timezone=Asia/Manila, cutoffDays=30
[2025-12-26T05:16:48.130Z] ✅ Cleanup job scheduled (0 0 2 * * *) timezone=Asia/Manila, cutoffDays=30
[2025-12-26T05:25:58.436Z] ✅ Cleanup job scheduled (0 0 2 * * *) timezone=Asia/Manila, cutoffDays=30
[2025-12-26T05:26:57.764Z] ✅ Cleanup job scheduled (0 0 2 * * *) timezone=Asia/Manila, cutoffDays=30
[2025-12-26T05:33:10.034Z] ✅ Cleanup job scheduled (0 0 2 * * *) timezone=Asia/Manila, cutoffDays=30
[2025-12-26T05:35:27.561Z] ✅ Cleanup job scheduled (0 0 2 * * *) timezone=Asia/Manila, cutoffDays=30
[2025-12-26T05:43:42.764Z] ✅ Cleanup job scheduled (0 0 2 * * *) timezone=Asia/Manila, cutoffDays=30
[2025-12-26T05:48:06.516Z] ✅ Cleanup job scheduled (0 0 2 * * *) timezone=Asia/Manila, cutoffDays=30
[2025-12-26T05:53:40.774Z] ✅ Cleanup job scheduled (0 0 2 * * *) timezone=Asia/Manila, cutoffDays=30
[2025-12-26T05:57:16.344Z] ✅ Cleanup job scheduled (0 0 2 * * *) timezone=Asia/Manila, cutoffDays=30
[2025-12-26T05:57:22.648Z] ✅ Cleanup job scheduled (0 0 2 * * *) timezone=Asia/Manila, cutoffDays=30
[2025-12-26T05:57:28.548Z] ✅ Cleanup job scheduled (0 0 2 * * *) timezone=Asia/Manila, cutoffDays=30
[2025-12-26T05:57:40.553Z] ✅ Cleanup job scheduled (0 0 2 * * *) timezone=Asia/Manila, cutoffDays=30
[2025-12-26T06:02:39.793Z] ✅ Cleanup job scheduled (0 0 2 * * *) timezone=Asia/Manila, cutoffDays=30
[2025-12-26T06:06:41.013Z] ✅ Cleanup job scheduled (0 0 2 * * *) timezone=Asia/Manila, cutoffDays=30
[2025-12-26T06:10:36.804Z] ✅ Cleanup job scheduled (0 0 2 * * *) timezone=Asia/Manila, cutoffDays=30
[2025-12-26T06:41:59.358Z] ✅ Cleanup job scheduled (0 0 2 * * *) timezone=Asia/Manila, cutoffDays=30
[2025-12-28T19:23:09.643Z] ✅ Cleanup job scheduled (0 0 2 * * *) timezone=Asia/Manila, cutoffDays=30
[2025-12-28T19:32:06.664Z] ✅ Cleanup job scheduled (0 0 2 * * *) timezone=Asia/Manila, cutoffDays=30
[2025-12-28T20:33:30.141Z] ✅ Cleanup job scheduled (0 0 2 * * *) timezone=Asia/Manila, cutoffDays=30
[2025-12-28T21:01:18.872Z] ✅ Cleanup job scheduled (0 0 2 * * *) timezone=Asia/Manila, cutoffDays=30
[2025-12-28T21:43:09.030Z] ✅ Cleanup job scheduled (0 0 2 * * *) timezone=Asia/Manila, cutoffDays=30
[2025-12-28T23:03:07.917Z] ✅ Cleanup job scheduled (0 0 2 * * *) timezone=Asia/Manila, cutoffDays=30
[2025-12-29T10:44:31.405Z] ✅ Cleanup job scheduled (0 0 2 * * *) timezone=Asia/Manila, cutoffDays=30
[2025-12-29T22:27:47.793Z] ✅ Cleanup job scheduled (0 0 2 * * *) timezone=Asia/Manila, cutoffDays=30
[2025-12-29T23:12:25.136Z] ✅ Cleanup job scheduled (0 0 2 * * *) timezone=Asia/Manila, cutoffDays=30
[2025-12-29T23:12:30.547Z] ✅ Cleanup job scheduled (0 0 2 * * *) timezone=Asia/Manila, cutoffDays=30
[2025-12-29T23:12:36.650Z] ✅ Cleanup job scheduled (0 0 2 * * *) timezone=Asia/Manila, cutoffDays=30
[2025-12-29T23:53:20.465Z] ✅ Cleanup job scheduled (0 0 2 * * *) timezone=Asia/Manila, cutoffDays=30
[2025-12-30T00:42:43.170Z] ✅ Cleanup job scheduled (0 0 2 * * *) timezone=Asia/Manila, cutoffDays=30
[2025-12-30T04:31:04.537Z] ✅ Cleanup job scheduled (0 0 2 * * *) timezone=Asia/Manila, cutoffDays=30
[2025-12-30T04:33:09.732Z] ✅ Cleanup job scheduled (0 0 2 * * *) timezone=Asia/Manila, cutoffDays=30
[2025-12-30T04:35:36.923Z] ✅ Cleanup job scheduled (0 0 2 * * *) timezone=Asia/Manila, cutoffDays=30
[2025-12-30T04:38:09.463Z] ✅ Cleanup job scheduled (0 0 2 * * *) timezone=Asia/Manila, cutoffDays=30
[2025-12-30T04:39:15.201Z] ✅ Cleanup job scheduled (0 0 2 * * *) timezone=Asia/Manila, cutoffDays=30
[2025-12-30T05:20:46.437Z] ✅ Cleanup job scheduled (0 0 2 * * *) timezone=Asia/Manila, cutoffDays=30
[2025-12-30T05:35:21.256Z] ✅ Cleanup job scheduled (0 0 2 * * *) timezone=Asia/Manila, cutoffDays=30
[2025-12-30T05:36:06.631Z] ✅ Cleanup job scheduled (0 0 2 * * *) timezone=Asia/Manila, cutoffDays=30
[2025-12-30T05:37:14.623Z] ✅ Cleanup job scheduled (0 0 2 * * *) timezone=Asia/Manila, cutoffDays=30
[2025-12-30T05:37:35.302Z] ✅ Cleanup job scheduled (0 0 2 * * *) timezone=Asia/Manila, cutoffDays=30
[2025-12-30T05:37:45.400Z] ✅ Cleanup job scheduled (0 0 2 * * *) timezone=Asia/Manila, cutoffDays=30
[2025-12-30T05:38:45.508Z] ✅ Cleanup job scheduled (0 0 2 * * *) timezone=Asia/Manila, cutoffDays=30
[2025-12-30T05:39:45.031Z] ✅ Cleanup job scheduled (0 0 2 * * *) timezone=Asia/Manila, cutoffDays=30
[2025-12-30T05:40:01.644Z] ✅ Cleanup job scheduled (0 0 2 * * *) timezone=Asia/Manila, cutoffDays=30
[2025-12-30T05:41:15.515Z] ✅ Cleanup job scheduled (0 0 2 * * *) timezone=Asia/Manila, cutoffDays=30
[2025-12-30T05:56:33.437Z] ✅ Cleanup job scheduled (0 0 2 * * *) timezone=Asia/Manila, cutoffDays=30
[2025-12-30T05:56:49.908Z] ✅ Cleanup job scheduled (0 0 2 * * *) timezone=Asia/Manila, cutoffDays=30
[2025-12-30T05:57:04.113Z] ✅ Cleanup job scheduled (0 0 2 * * *) timezone=Asia/Manila, cutoffDays=30
[2025-12-30T05:58:09.184Z] ✅ Cleanup job scheduled (0 0 2 * * *) timezone=Asia/Manila, cutoffDays=30
[2025-12-30T06:04:51.740Z] ✅ Cleanup job scheduled (0 0 2 * * *) timezone=Asia/Manila, cutoffDays=30
[2025-12-30T06:06:20.383Z] ✅ Cleanup job scheduled (0 0 2 * * *) timezone=Asia/Manila, cutoffDays=30
[2025-12-30T06:06:35.349Z] ✅ Cleanup job scheduled (0 0 2 * * *) timezone=Asia/Manila, cutoffDays=30
[2025-12-30T06:06:41.049Z] ✅ Cleanup job scheduled (0 0 2 * * *) timezone=Asia/Manila, cutoffDays=30
[2025-12-30T06:06:47.094Z] ✅ Cleanup job scheduled (0 0 2 * * *) timezone=Asia/Manila, cutoffDays=30
[2025-12-30T06:07:08.250Z] ✅ Cleanup job scheduled (0 0 2 * * *) timezone=Asia/Manila, cutoffDays=30
[2025-12-30T06:07:13.174Z] ✅ Cleanup job scheduled (0 0 2 * * *) timezone=Asia/Manila, cutoffDays=30
[2025-12-30T06:09:12.219Z] ✅ Cleanup job scheduled (0 0 2 * * *) timezone=Asia/Manila, cutoffDays=30
[2025-12-30T06:10:46.884Z] ✅ Cleanup job scheduled (0 0 2 * * *) timezone=Asia/Manila, cutoffDays=30
[2025-12-30T06:11:42.165Z] ✅ Cleanup job scheduled (0 0 2 * * *) timezone=Asia/Manila, cutoffDays=30
[2025-12-30T06:12:13.651Z] ✅ Cleanup job scheduled (0 0 2 * * *) timezone=Asia/Manila, cutoffDays=30
[2025-12-30T06:19:23.513Z] ✅ Cleanup job scheduled (0 0 2 * * *) timezone=Asia/Manila, cutoffDays=30
[2025-12-30T07:01:51.931Z] ✅ Cleanup job scheduled (0 0 2 * * *) timezone=Asia/Manila, cutoffDays=30
[2025-12-30T07:25:48.742Z] ✅ Cleanup job scheduled (0 0 2 * * *) timezone=Asia/Manila, cutoffDays=30
[2025-12-30T17:06:00.609Z] ✅ Cleanup job scheduled (0 0 2 * * *) timezone=Asia/Manila, cutoffDays=30
[2025-12-30T17:09:01.939Z] ✅ Cleanup job scheduled (0 0 2 * * *) timezone=Asia/Manila, cutoffDays=30
[2025-12-30T17:09:12.699Z] ✅ Cleanup job scheduled (0 0 2 * * *) timezone=Asia/Manila, cutoffDays=30
[2025-12-30T17:09:36.348Z] ✅ Cleanup job scheduled (0 0 2 * * *) timezone=Asia/Manila, cutoffDays=30
[2025-12-30T18:00:00.038Z] [Cleanup Job] Triggered at 2025-12-30T18:00:00.038Z
[2025-12-30T18:00:00.043Z] 🧹 Cleanup starting (cutoff 2025-11-30T18:00:00.043Z)
[2025-12-30T18:00:00.063Z] ✅ Cleanup completed: 0 reports deleted
[2025-12-30T18:38:32.869Z] ✅ Cleanup job scheduled (0 0 2 * * *) timezone=Asia/Manila, cutoffDays=30
[2025-12-30T18:40:01.321Z] ✅ Cleanup job scheduled (0 0 2 * * *) timezone=Asia/Manila, cutoffDays=30
[2025-12-30T18:42:14.134Z] ✅ Cleanup job scheduled (0 0 2 * * *) timezone=Asia/Manila, cutoffDays=30
[2025-12-30T18:42:25.637Z] ✅ Cleanup job scheduled (0 0 2 * * *) timezone=Asia/Manila, cutoffDays=30
[2025-12-30T18:42:32.924Z] ✅ Cleanup job scheduled (0 0 2 * * *) timezone=Asia/Manila, cutoffDays=30
[2025-12-30T18:43:56.567Z] ✅ Cleanup job scheduled (0 0 2 * * *) timezone=Asia/Manila, cutoffDays=30
[2025-12-30T18:44:02.012Z] ✅ Cleanup job scheduled (0 0 2 * * *) timezone=Asia/Manila, cutoffDays=30
[2025-12-30T18:44:06.381Z] ✅ Cleanup job scheduled (0 0 2 * * *) timezone=Asia/Manila, cutoffDays=30
[2025-12-30T18:51:29.026Z] ✅ Cleanup job scheduled (0 0 2 * * *) timezone=Asia/Manila, cutoffDays=30
[2025-12-30T19:27:25.168Z] ✅ Cleanup job scheduled (0 0 2 * * *) timezone=Asia/Manila, cutoffDays=30
[2025-12-30T19:40:48.864Z] ✅ Cleanup job scheduled (0 0 2 * * *) timezone=Asia/Manila, cutoffDays=30
[2025-12-30T19:41:25.414Z] ✅ Cleanup job scheduled (0 0 2 * * *) timezone=Asia/Manila, cutoffDays=30
[2025-12-30T20:33:44.283Z] ✅ Cleanup job scheduled (0 0 2 * * *) timezone=Asia/Manila, cutoffDays=30
[2025-12-30T20:43:16.423Z] ✅ Cleanup job scheduled (0 0 2 * * *) timezone=Asia/Manila, cutoffDays=30
[2025-12-30T20:43:25.456Z] ✅ Cleanup job scheduled (0 0 2 * * *) timezone=Asia/Manila, cutoffDays=30
[2025-12-30T20:44:35.344Z] ✅ Cleanup job scheduled (0 0 2 * * *) timezone=Asia/Manila, cutoffDays=30
[2025-12-30T20:45:41.723Z] ✅ Cleanup job scheduled (0 0 2 * * *) timezone=Asia/Manila, cutoffDays=30
[2025-12-30T20:50:02.136Z] ✅ Cleanup job scheduled (0 0 2 * * *) timezone=Asia/Manila, cutoffDays=30
[2025-12-30T23:30:24.212Z] ✅ Cleanup job scheduled (0 0 2 * * *) timezone=Asia/Manila, cutoffDays=30
[2025-12-30T23:30:29.085Z] ✅ Cleanup job scheduled (0 0 2 * * *) timezone=Asia/Manila, cutoffDays=30
[2025-12-30T23:30:52.123Z] ✅ Cleanup job scheduled (0 0 2 * * *) timezone=Asia/Manila, cutoffDays=30
[2025-12-30T23:31:10.746Z] ✅ Cleanup job scheduled (0 0 2 * * *) timezone=Asia/Manila, cutoffDays=30
[2025-12-30T23:31:17.347Z] ✅ Cleanup job scheduled (0 0 2 * * *) timezone=Asia/Manila, cutoffDays=30
[2025-12-30T23:31:29.808Z] ✅ Cleanup job scheduled (0 0 2 * * *) timezone=Asia/Manila, cutoffDays=30
[2025-12-30T23:31:36.678Z] ✅ Cleanup job scheduled (0 0 2 * * *) timezone=Asia/Manila, cutoffDays=30
[2025-12-30T23:31:52.599Z] ✅ Cleanup job scheduled (0 0 2 * * *) timezone=Asia/Manila, cutoffDays=30
[2025-12-30T23:32:59.875Z] ✅ Cleanup job scheduled (0 0 2 * * *) timezone=Asia/Manila, cutoffDays=30
[2025-12-30T23:33:12.451Z] ✅ Cleanup job scheduled (0 0 2 * * *) timezone=Asia/Manila, cutoffDays=30
[2025-12-30T23:33:24.917Z] ✅ Cleanup job scheduled (0 0 2 * * *) timezone=Asia/Manila, cutoffDays=30
[2025-12-30T23:33:36.514Z] ✅ Cleanup job scheduled (0 0 2 * * *) timezone=Asia/Manila, cutoffDays=30
[2025-12-30T23:33:46.884Z] ✅ Cleanup job scheduled (0 0 2 * * *) timezone=Asia/Manila, cutoffDays=30
[2025-12-30T23:33:57.625Z] ✅ Cleanup job scheduled (0 0 2 * * *) timezone=Asia/Manila, cutoffDays=30
[2025-12-30T23:34:19.271Z] ✅ Cleanup job scheduled (0 0 2 * * *) timezone=Asia/Manila, cutoffDays=30
[2025-12-30T23:34:26.527Z] ✅ Cleanup job scheduled (0 0 2 * * *) timezone=Asia/Manila, cutoffDays=30
[2025-12-30T23:36:30.954Z] ✅ Cleanup job scheduled (0 0 2 * * *) timezone=Asia/Manila, cutoffDays=30
[2025-12-30T23:39:18.808Z] ✅ Cleanup job scheduled (0 0 2 * * *) timezone=Asia/Manila, cutoffDays=30
[2025-12-30T23:39:30.626Z] ✅ Cleanup job scheduled (0 0 2 * * *) timezone=Asia/Manila, cutoffDays=30
[2025-12-30T23:39:40.109Z] ✅ Cleanup job scheduled (0 0 2 * * *) timezone=Asia/Manila, cutoffDays=30
[2025-12-30T23:39:57.971Z] ✅ Cleanup job scheduled (0 0 2 * * *) timezone=Asia/Manila, cutoffDays=30
[2025-12-30T23:40:26.674Z] ✅ Cleanup job scheduled (0 0 2 * * *) timezone=Asia/Manila, cutoffDays=30
[2025-12-31T08:37:18.017Z] ✅ Cleanup job scheduled (0 0 2 * * *) timezone=Asia/Manila, cutoffDays=30
[2025-12-31T09:48:42.880Z] ✅ Cleanup job scheduled (0 0 2 * * *) timezone=Asia/Manila, cutoffDays=30
[2025-12-31T09:48:57.513Z] ✅ Cleanup job scheduled (0 0 2 * * *) timezone=Asia/Manila, cutoffDays=30
[2025-12-31T09:58:43.747Z] ✅ Cleanup job scheduled (0 0 2 * * *) timezone=Asia/Manila, cutoffDays=30
[2025-12-31T10:09:50.831Z] ✅ Cleanup job scheduled (0 0 2 * * *) timezone=Asia/Manila, cutoffDays=30
[2025-12-31T17:48:17.697Z] ✅ Cleanup job scheduled (0 0 2 * * *) timezone=Asia/Manila, cutoffDays=30
[2025-12-31T17:57:26.729Z] ✅ Cleanup job scheduled (0 0 2 * * *) timezone=Asia/Manila, cutoffDays=30
[2025-12-31T18:00:00.022Z] [Cleanup Job] Triggered at 2025-12-31T18:00:00.022Z
[2025-12-31T18:00:00.023Z] 🧹 Cleanup starting (cutoff 2025-12-01T18:00:00.023Z)
[2025-12-31T18:00:00.029Z] Pending delete: cmjt8cl5n002ktuycq618vtw3 | Xavier Zamora | Barangay Dalayap, Porac, Pampanga | 378 days deleted
[2025-12-31T18:00:00.029Z] Pending delete: cmjt8cl5i002gtuychs6eqvzu | Vicente Morales | Barangay Sapang Bato, Angeles City, Pampanga | 376 days deleted
[2025-12-31T18:00:00.030Z] Pending delete: cmjt8cl5k002ituycso2lzaqn | Wilma Padilla | Barangay Sta. Monica, Magalang, Pampanga | 374 days deleted
[2025-12-31T18:00:00.030Z] Pending delete: cmjt8cl5q002mtuyctn1lela0 | Yolanda Rivera | Barangay Dolores, Angeles City, Pampanga | 373 days deleted
[2025-12-31T18:00:00.031Z] Pending delete: cmjt8cl5s002otuycpgaxjrv4 | Zachary Bautista | Barangay Margot, Mabalacat, Pampanga | 372 days deleted
[2025-12-31T18:00:00.040Z] ✅ Cleanup completed: 5 reports deleted
[2025-12-31T18:00:00.040Z]    - Deleted: Xavier Zamora (cmjt8cl5n002ktuycq618vtw3)
[2025-12-31T18:00:00.041Z]    - Deleted: Vicente Morales (cmjt8cl5i002gtuychs6eqvzu)
[2025-12-31T18:00:00.041Z]    - Deleted: Wilma Padilla (cmjt8cl5k002ituycso2lzaqn)
[2025-12-31T18:00:00.042Z]    - Deleted: Yolanda Rivera (cmjt8cl5q002mtuyctn1lela0)
[2025-12-31T18:00:00.042Z]    - Deleted: Zachary Bautista (cmjt8cl5s002otuycpgaxjrv4)
[2025-12-31T18:09:48.774Z] ✅ Cleanup job scheduled (0 0 2 * * *) timezone=Asia/Manila, cutoffDays=30
[2025-12-31T18:10:12.727Z] ✅ Cleanup job scheduled (0 0 2 * * *) timezone=Asia/Manila, cutoffDays=30
[2025-12-31T18:14:48.881Z] ✅ Cleanup job scheduled (0 0 2 * * *) timezone=Asia/Manila, cutoffDays=30
[2025-12-31T18:15:34.242Z] ✅ Cleanup job scheduled (0 0 2 * * *) timezone=Asia/Manila, cutoffDays=30
[2025-12-31T18:16:32.950Z] ✅ Cleanup job scheduled (0 0 2 * * *) timezone=Asia/Manila, cutoffDays=30
[2025-12-31T18:26:28.802Z] ✅ Cleanup job scheduled (0 0 2 * * *) timezone=Asia/Manila, cutoffDays=30
[2025-12-31T18:38:20.384Z] ✅ Cleanup job scheduled (0 0 2 * * *) timezone=Asia/Manila, cutoffDays=30
[2025-12-31T18:41:11.326Z] ✅ Cleanup job scheduled (0 0 2 * * *) timezone=Asia/Manila, cutoffDays=30
[2025-12-31T18:41:53.728Z] ✅ Cleanup job scheduled (0 0 2 * * *) timezone=Asia/Manila, cutoffDays=30
[2025-12-31T18:42:34.979Z] ✅ Cleanup job scheduled (0 0 2 * * *) timezone=Asia/Manila, cutoffDays=30
[2025-12-31T18:46:46.517Z] ✅ Cleanup job scheduled (0 0 2 * * *) timezone=Asia/Manila, cutoffDays=30
[2025-12-31T18:48:40.262Z] ✅ Cleanup job scheduled (0 0 2 * * *) timezone=Asia/Manila, cutoffDays=30
[2025-12-31T18:52:32.980Z] ✅ Cleanup job scheduled (0 0 2 * * *) timezone=Asia/Manila, cutoffDays=30
[2025-12-31T18:58:56.292Z] ✅ Cleanup job scheduled (0 0 2 * * *) timezone=Asia/Manila, cutoffDays=30
[2025-12-31T19:00:13.774Z] ✅ Cleanup job scheduled (0 0 2 * * *) timezone=Asia/Manila, cutoffDays=30
[2025-12-31T19:05:15.197Z] ✅ Cleanup job scheduled (0 0 2 * * *) timezone=Asia/Manila, cutoffDays=30
[2025-12-31T19:30:28.758Z] ✅ Cleanup job scheduled (0 0 2 * * *) timezone=Asia/Manila, cutoffDays=30
[2025-12-31T19:34:12.820Z] ✅ Cleanup job scheduled (0 0 2 * * *) timezone=Asia/Manila, cutoffDays=30
[2025-12-31T19:35:09.902Z] ✅ Cleanup job scheduled (0 0 2 * * *) timezone=Asia/Manila, cutoffDays=30
[2025-12-31T19:38:08.351Z] ✅ Cleanup job scheduled (0 0 2 * * *) timezone=Asia/Manila, cutoffDays=30
[2025-12-31T19:40:29.132Z] ✅ Cleanup job scheduled (0 0 2 * * *) timezone=Asia/Manila, cutoffDays=30
[2025-12-31T20:00:48.065Z] ✅ Cleanup job scheduled (0 0 2 * * *) timezone=Asia/Manila, cutoffDays=30
[2025-12-31T20:38:05.261Z] ✅ Cleanup job scheduled (0 0 2 * * *) timezone=Asia/Manila, cutoffDays=30
[2025-12-31T20:52:40.303Z] ✅ Cleanup job scheduled (0 0 2 * * *) timezone=Asia/Manila, cutoffDays=30
[2025-12-31T20:52:48.707Z] ✅ Cleanup job scheduled (0 0 2 * * *) timezone=Asia/Manila, cutoffDays=30
[2025-12-31T20:55:34.921Z] ✅ Cleanup job scheduled (0 0 2 * * *) timezone=Asia/Manila, cutoffDays=30
[2025-12-31T20:56:19.059Z] ✅ Cleanup job scheduled (0 0 2 * * *) timezone=Asia/Manila, cutoffDays=30
[2025-12-31T21:02:37.161Z] ✅ Cleanup job scheduled (0 0 2 * * *) timezone=Asia/Manila, cutoffDays=30
[2025-12-31T21:05:02.132Z] ✅ Cleanup job scheduled (0 0 2 * * *) timezone=Asia/Manila, cutoffDays=30
[2025-12-31T21:12:34.242Z] ✅ Cleanup job scheduled (0 0 2 * * *) timezone=Asia/Manila, cutoffDays=30
[2025-12-31T21:20:00.050Z] ✅ Cleanup job scheduled (0 0 2 * * *) timezone=Asia/Manila, cutoffDays=30
[2025-12-31T21:21:07.804Z] ✅ Cleanup job scheduled (0 0 2 * * *) timezone=Asia/Manila, cutoffDays=30
[2025-12-31T21:21:59.196Z] ✅ Cleanup job scheduled (0 0 2 * * *) timezone=Asia/Manila, cutoffDays=30
[2025-12-31T21:22:36.318Z] ✅ Cleanup job scheduled (0 0 2 * * *) timezone=Asia/Manila, cutoffDays=30
[2025-12-31T21:25:34.183Z] ✅ Cleanup job scheduled (0 0 2 * * *) timezone=Asia/Manila, cutoffDays=30
[2025-12-31T21:31:06.022Z] ✅ Cleanup job scheduled (0 0 2 * * *) timezone=Asia/Manila, cutoffDays=30
[2025-12-31T21:36:04.109Z] ✅ Cleanup job scheduled (0 0 2 * * *) timezone=Asia/Manila, cutoffDays=30
[2025-12-31T22:08:24.984Z] ✅ Cleanup job scheduled (0 0 2 * * *) timezone=Asia/Manila, cutoffDays=30
[2025-12-31T22:23:57.369Z] ✅ Cleanup job scheduled (0 0 2 * * *) timezone=Asia/Manila, cutoffDays=30
[2025-12-31T22:51:47.884Z] ✅ Cleanup job scheduled (0 0 2 * * *) timezone=Asia/Manila, cutoffDays=30
[2025-12-31T22:57:27.959Z] ✅ Cleanup job scheduled (0 0 2 * * *) timezone=Asia/Manila, cutoffDays=30
[2025-12-31T22:57:34.221Z] ✅ Cleanup job scheduled (0 0 2 * * *) timezone=Asia/Manila, cutoffDays=30
[2025-12-31T23:17:39.653Z] ✅ Cleanup job scheduled (0 0 2 * * *) timezone=Asia/Manila, cutoffDays=30
[2025-12-31T23:56:14.203Z] ✅ Cleanup job scheduled (0 0 2 * * *) timezone=Asia/Manila, cutoffDays=30
[2025-12-31T23:56:31.394Z] ✅ Cleanup job scheduled (0 0 2 * * *) timezone=Asia/Manila, cutoffDays=30
[2026-01-01T00:12:09.629Z] ✅ Cleanup job scheduled (0 0 2 * * *) timezone=Asia/Manila, cutoffDays=30
[2026-01-01T00:12:27.983Z] ✅ Cleanup job scheduled (0 0 2 * * *) timezone=Asia/Manila, cutoffDays=30
[2026-01-01T00:21:34.356Z] ✅ Cleanup job scheduled (0 0 2 * * *) timezone=Asia/Manila, cutoffDays=30
[2026-01-01T00:32:57.959Z] ✅ Cleanup job scheduled (0 0 2 * * *) timezone=Asia/Manila, cutoffDays=30
[2026-01-01T00:35:37.173Z] ✅ Cleanup job scheduled (0 0 2 * * *) timezone=Asia/Manila, cutoffDays=30
[2026-01-01T00:38:46.277Z] ✅ Cleanup job scheduled (0 0 2 * * *) timezone=Asia/Manila, cutoffDays=30
[2026-01-01T00:40:15.556Z] ✅ Cleanup job scheduled (0 0 2 * * *) timezone=Asia/Manila, cutoffDays=30
[2026-01-01T00:40:19.229Z] ✅ Cleanup job scheduled (0 0 2 * * *) timezone=Asia/Manila, cutoffDays=30
[2026-01-01T16:54:11.645Z] ✅ Cleanup job scheduled (0 0 2 * * *) timezone=Asia/Manila, cutoffDays=30
[2026-01-01T18:00:00.025Z] [Cleanup Job] Triggered at 2026-01-01T18:00:00.025Z
[2026-01-01T18:00:00.027Z] 🧹 Cleanup starting (cutoff 2025-12-02T18:00:00.027Z)
[2026-01-01T18:00:00.032Z] ✅ Cleanup completed: 0 reports deleted
[2026-01-01T21:21:56.274Z] ✅ Cleanup job scheduled (0 0 2 * * *) timezone=Asia/Manila, cutoffDays=30
[2026-01-01T22:32:43.973Z] ✅ Cleanup job scheduled (0 0 2 * * *) timezone=Asia/Manila, cutoffDays=30
[2026-01-01T22:38:04.857Z] ✅ Cleanup job scheduled (0 0 2 * * *) timezone=Asia/Manila, cutoffDays=30
[2026-01-01T22:38:07.784Z] ✅ Cleanup job scheduled (0 0 2 * * *) timezone=Asia/Manila, cutoffDays=30
[2026-01-01T23:52:10.616Z] ✅ Cleanup job scheduled (0 0 2 * * *) timezone=Asia/Manila, cutoffDays=30
[2026-01-01T23:52:13.346Z] ✅ Cleanup job scheduled (0 0 2 * * *) timezone=Asia/Manila, cutoffDays=30
[2026-01-02T00:13:36.068Z] ✅ Cleanup job scheduled (0 0 2 * * *) timezone=Asia/Manila, cutoffDays=30
[2026-01-02T00:13:39.639Z] ✅ Cleanup job scheduled (0 0 2 * * *) timezone=Asia/Manila, cutoffDays=30
[2026-01-02T00:27:16.205Z] ✅ Cleanup job scheduled (0 0 2 * * *) timezone=Asia/Manila, cutoffDays=30
[2026-01-02T00:27:19.393Z] ✅ Cleanup job scheduled (0 0 2 * * *) timezone=Asia/Manila, cutoffDays=30
[2026-01-02T00:43:28.322Z] ✅ Cleanup job scheduled (0 0 2 * * *) timezone=Asia/Manila, cutoffDays=30
[2026-01-02T00:43:31.749Z] ✅ Cleanup job scheduled (0 0 2 * * *) timezone=Asia/Manila, cutoffDays=30
[2026-01-02T01:39:01.208Z] ✅ Cleanup job scheduled (0 0 2 * * *) timezone=Asia/Manila, cutoffDays=30
[2026-01-02T01:39:10.907Z] ✅ Cleanup job scheduled (0 0 2 * * *) timezone=Asia/Manila, cutoffDays=30
[2026-01-02T01:39:35.435Z] ✅ Cleanup job scheduled (0 0 2 * * *) timezone=Asia/Manila, cutoffDays=30
[2026-01-02T01:42:05.926Z] ✅ Cleanup job scheduled (0 0 2 * * *) timezone=Asia/Manila, cutoffDays=30
[2026-01-02T01:50:09.710Z] ✅ Cleanup job scheduled (0 0 2 * * *) timezone=Asia/Manila, cutoffDays=30
[2026-01-02T01:50:30.667Z] ✅ Cleanup job scheduled (0 0 2 * * *) timezone=Asia/Manila, cutoffDays=30
[2026-01-02T01:51:11.651Z] ✅ Cleanup job scheduled (0 0 2 * * *) timezone=Asia/Manila, cutoffDays=30
[2026-01-02T01:51:23.222Z] ✅ Cleanup job scheduled (0 0 2 * * *) timezone=Asia/Manila, cutoffDays=30
[2026-01-02T01:55:18.617Z] ✅ Cleanup job scheduled (0 0 2 * * *) timezone=Asia/Manila, cutoffDays=30
[2026-01-02T01:55:25.457Z] ✅ Cleanup job scheduled (0 0 2 * * *) timezone=Asia/Manila, cutoffDays=30
[2026-01-02T02:01:52.881Z] ✅ Cleanup job scheduled (0 0 2 * * *) timezone=Asia/Manila, cutoffDays=30
[2026-01-02T02:02:18.334Z] ✅ Cleanup job scheduled (0 0 2 * * *) timezone=Asia/Manila, cutoffDays=30
[2026-01-02T02:02:33.446Z] ✅ Cleanup job scheduled (0 0 2 * * *) timezone=Asia/Manila, cutoffDays=30
[2026-01-02T02:02:45.213Z] ✅ Cleanup job scheduled (0 0 2 * * *) timezone=Asia/Manila, cutoffDays=30
[2026-01-02T02:04:01.174Z] ✅ Cleanup job scheduled (0 0 2 * * *) timezone=Asia/Manila, cutoffDays=30
[2026-01-02T02:06:51.894Z] ✅ Cleanup job scheduled (0 0 2 * * *) timezone=Asia/Manila, cutoffDays=30
[2026-01-02T02:11:56.389Z] ✅ Cleanup job scheduled (0 0 2 * * *) timezone=Asia/Manila, cutoffDays=30
[2026-01-02T02:31:30.497Z] ✅ Cleanup job scheduled (0 0 2 * * *) timezone=Asia/Manila, cutoffDays=30
[2026-01-02T02:57:11.400Z] ✅ Cleanup job scheduled (0 0 2 * * *) timezone=Asia/Manila, cutoffDays=30
[2026-01-02T02:59:36.231Z] ✅ Cleanup job scheduled (0 0 2 * * *) timezone=Asia/Manila, cutoffDays=30
[2026-01-02T03:01:01.660Z] ✅ Cleanup job scheduled (0 0 2 * * *) timezone=Asia/Manila, cutoffDays=30
[2026-01-02T03:15:38.609Z] ✅ Cleanup job scheduled (0 0 2 * * *) timezone=Asia/Manila, cutoffDays=30
[2026-01-02T03:16:31.831Z] ✅ Cleanup job scheduled (0 0 2 * * *) timezone=Asia/Manila, cutoffDays=30
[2026-01-02T03:21:40.129Z] ✅ Cleanup job scheduled (0 0 2 * * *) timezone=Asia/Manila, cutoffDays=30
[2026-01-02T03:21:43.761Z] ✅ Cleanup job scheduled (0 0 2 * * *) timezone=Asia/Manila, cutoffDays=30
[2026-01-02T03:29:27.440Z] ✅ Cleanup job scheduled (0 0 2 * * *) timezone=Asia/Manila, cutoffDays=30
[2026-01-02T03:29:31.044Z] ✅ Cleanup job scheduled (0 0 2 * * *) timezone=Asia/Manila, cutoffDays=30
[2026-01-02T03:43:50.809Z] ✅ Cleanup job scheduled (0 0 2 * * *) timezone=Asia/Manila, cutoffDays=30
[2026-01-02T03:43:54.670Z] ✅ Cleanup job scheduled (0 0 2 * * *) timezone=Asia/Manila, cutoffDays=30
[2026-01-02T03:51:18.561Z] ✅ Cleanup job scheduled (0 0 2 * * *) timezone=Asia/Manila, cutoffDays=30
[2026-01-02T03:51:22.214Z] ✅ Cleanup job scheduled (0 0 2 * * *) timezone=Asia/Manila, cutoffDays=30
[2026-01-02T04:19:35.653Z] ✅ Cleanup job scheduled (0 0 2 * * *) timezone=Asia/Manila, cutoffDays=30
[2026-01-02T04:19:39.555Z] ✅ Cleanup job scheduled (0 0 2 * * *) timezone=Asia/Manila, cutoffDays=30
